select a, b,
   a <= b as "<=", a < b as "<", a = b as "=", a <> b as "<>", a >= b as ">=", a > b as ">",
   a @> b as "@>", a <@ b as "<@", a && b as "&&"
from  (select a::prefix_range, b::prefix_range
         from (values('123', '123'),
                     ('123', '124'),
                     ('123', '123[4-5]'),
                     ('123[4-5]', '123[2-7]'),
                     ('123', '[2-3]')) as t(a, b)
      ) as x;
    a     |    b     | <= | < | = | <> | >= | > | @> | <@ | && 
----------+----------+----+---+---+----+----+---+----+----+----
 123      | 123      | t  | f | t | f  | t  | f | t  | t  | t
 123      | 124      | t  | t | f | t  | f  | f | f  | f  | f
 123      | 123[4-5] | t  | t | f | t  | f  | f | t  | f  | t
 123[4-5] | 123[2-7] | f  | f | f | t  | t  | t | f  | t  | t
 123      | [2-3]    | t  | t | f | t  | f  | f | f  | f  | f
(5 rows)

select a, b, c, a <= b as "a <= b", b <= c as "b <= c", a <= c as "a <= c"
from  (select a::prefix_range, b::prefix_range, c::prefix_range
         from (values('123', '123', '123'),
                     ('123', '124', '125'),
                     ('123', '123[4-5]', '123[4-6]'),
                     ('123[4-5]', '123[2-7]', '123[1-8]'),
                     ('123', '[2-3]', '4')) as t(a, b, c)
      ) as x;
    a     |    b     |    c     | a <= b | b <= c | a <= c 
----------+----------+----------+--------+--------+--------
 123      | 123      | 123      | t      | t      | t
 123      | 124      | 125      | t      | t      | t
 123      | 123[4-5] | 123[4-6] | t      | t      | t
 123[4-5] | 123[2-7] | 123[1-8] | f      | f      | f
 123      | [2-3]    | 4        | t      | t      | t
(5 rows)

select a, b, a | b as union, a & b as intersect
  from  (select a::prefix_range, b::prefix_range
           from (values('123', '123'),
                       ('123', '124'),
                       ('123', '123[4-5]'),
                       ('123[4-5]', '123[2-7]'),
                       ('123', '[2-3]')) as t(a, b)
        ) as x;
    a     |    b     |  union   | intersect 
----------+----------+----------+-----------
 123      | 123      | 123      | 123
 123      | 124      | 12[3-4]  | 
 123      | 123[4-5] | 123      | 123[4-5]
 123[4-5] | 123[2-7] | 123[2-7] | 123[4-7]
 123      | [2-3]    | [1-3]    | 
(5 rows)

